// Vitest Snapshot v1, https://vitest.dev/guide/snapshot.html

exports[`renders the home page 1`] = `
<DocumentFragment>
  <div
    class="max-w-4xl mx-auto px-4 py-6"
  >
    <div
      class="flex justify-end mb-4"
    >
      <button
        class="mr-2 px-3 py-1 rounded-md bg-gray-200 text-sm font-medium"
      >
        English
      </button>
      <button
        class="px-3 py-1 rounded-md bg-gray-200 text-sm font-medium"
      >
        Espa√±ol
      </button>
    </div>
    <div
      class="bg-white rounded-xl shadow-sm border border-slate-200 p-4 mb-6"
    >
      <div
        class="flex gap-3"
      >
        <img
          alt="Your avatar"
          class="w-10 h-10 rounded-full"
          src="https://api.dicebear.com/7.x/avataaars/svg?seed=guest"
        />
        <div
          class="flex-1"
        >
          <textarea
            class="w-full px-4 py-3 bg-slate-50 rounded-lg border border-slate-200 focus:outline-none focus:ring-2 focus:ring-cyan-500 focus:border-transparent resize-none"
            disabled=""
            placeholder="please_login_to_post"
            rows="3"
          />
          <p
            class="text-red-500 text-sm mt-2"
          >
            Failed to load posts
          </p>
          <div
            class="flex items-center justify-between mt-3"
          >
            <div
              class="flex gap-2"
            >
              <button
                class="p-2 hover:bg-slate-100 rounded-lg transition-colors"
                title="Add image"
              >
                <svg
                  class="lucide lucide-image w-5 h-5 text-slate-600"
                  fill="none"
                  height="24"
                  stroke="currentColor"
                  stroke-linecap="round"
                  stroke-linejoin="round"
                  stroke-width="2"
                  viewBox="0 0 24 24"
                  width="24"
                  xmlns="http://www.w3.org/2000/svg"
                >
                  <rect
                    height="18"
                    rx="2"
                    ry="2"
                    width="18"
                    x="3"
                    y="3"
                  />
                  <circle
                    cx="9"
                    cy="9"
                    r="2"
                  />
                  <path
                    d="m21 15-3.086-3.086a2 2 0 0 0-2.828 0L6 21"
                  />
                </svg>
              </button>
              <button
                class="p-2 hover:bg-slate-100 rounded-lg transition-colors"
                title="Add video"
              >
                <svg
                  class="lucide lucide-video w-5 h-5 text-slate-600"
                  fill="none"
                  height="24"
                  stroke="currentColor"
                  stroke-linecap="round"
                  stroke-linejoin="round"
                  stroke-width="2"
                  viewBox="0 0 24 24"
                  width="24"
                  xmlns="http://www.w3.org/2000/svg"
                >
                  <path
                    d="m16 13 5.223 3.482a.5.5 0 0 0 .777-.416V7.87a.5.5 0 0 0-.752-.432L16 10.5"
                  />
                  <rect
                    height="12"
                    rx="2"
                    width="14"
                    x="2"
                    y="6"
                  />
                </svg>
              </button>
              <button
                class="p-2 hover:bg-slate-100 rounded-lg transition-colors"
                title="Add emoji"
              >
                <svg
                  class="lucide lucide-smile w-5 h-5 text-slate-600"
                  fill="none"
                  height="24"
                  stroke="currentColor"
                  stroke-linecap="round"
                  stroke-linejoin="round"
                  stroke-width="2"
                  viewBox="0 0 24 24"
                  width="24"
                  xmlns="http://www.w3.org/2000/svg"
                >
                  <circle
                    cx="12"
                    cy="12"
                    r="10"
                  />
                  <path
                    d="M8 14s1.5 2 4 2 4-2 4-2"
                  />
                  <line
                    x1="9"
                    x2="9.01"
                    y1="9"
                    y2="9"
                  />
                  <line
                    x1="15"
                    x2="15.01"
                    y1="9"
                    y2="9"
                  />
                </svg>
              </button>
              <button
                class="p-2 hover:bg-slate-100 rounded-lg transition-colors"
                title="Add location"
              >
                <svg
                  class="lucide lucide-map-pin w-5 h-5 text-slate-600"
                  fill="none"
                  height="24"
                  stroke="currentColor"
                  stroke-linecap="round"
                  stroke-linejoin="round"
                  stroke-width="2"
                  viewBox="0 0 24 24"
                  width="24"
                  xmlns="http://www.w3.org/2000/svg"
                >
                  <path
                    d="M20 10c0 4.993-5.539 10.193-7.399 11.799a1 1 0 0 1-1.202 0C9.539 20.193 4 14.993 4 10a8 8 0 0 1 16 0"
                  />
                  <circle
                    cx="12"
                    cy="10"
                    r="3"
                  />
                </svg>
              </button>
            </div>
            <button
              class="px-6 py-2 bg-gradient-to-r from-cyan-500 to-purple-600 text-white rounded-lg font-semibold hover:from-cyan-600 hover:to-purple-700 transition-all disabled:opacity-50 disabled:cursor-not-allowed flex items-center gap-2"
              disabled=""
            >
              Post
            </button>
          </div>
        </div>
      </div>
    </div>
    <div
      class="grid grid-cols-1 md:grid-cols-3 gap-4 mb-6"
    >
      <div
        class="bg-gradient-to-br from-cyan-500 to-cyan-600 rounded-xl p-4 text-white"
      >
        <div
          class="flex items-center justify-between"
        >
          <div>
            <p
              class="text-cyan-100 text-sm"
            >
              AETH Balance
            </p>
            <p
              class="text-2xl font-bold"
            >
              2,450
            </p>
          </div>
          <svg
            class="lucide lucide-zap w-8 h-8 text-cyan-200"
            fill="none"
            height="24"
            stroke="currentColor"
            stroke-linecap="round"
            stroke-linejoin="round"
            stroke-width="2"
            viewBox="0 0 24 24"
            width="24"
            xmlns="http://www.w3.org/2000/svg"
          >
            <path
              d="M4 14a1 1 0 0 1-.78-1.63l9.9-10.2a.5.5 0 0 1 .86.46l-1.92 6.02A1 1 0 0 0 13 10h7a1 1 0 0 1 .78 1.63l-9.9 10.2a.5.5 0 0 1-.86-.46l1.92-6.02A1 1 0 0 0 11 14z"
            />
          </svg>
        </div>
      </div>
      <div
        class="bg-gradient-to-br from-purple-500 to-purple-600 rounded-xl p-4 text-white"
      >
        <div
          class="flex items-center justify-between"
        >
          <div>
            <p
              class="text-purple-100 text-sm"
            >
              Friends
            </p>
            <p
              class="text-2xl font-bold"
            >
              342
            </p>
          </div>
          <svg
            class="lucide lucide-users w-8 h-8 text-purple-200"
            fill="none"
            height="24"
            stroke="currentColor"
            stroke-linecap="round"
            stroke-linejoin="round"
            stroke-width="2"
            viewBox="0 0 24 24"
            width="24"
            xmlns="http://www.w3.org/2000/svg"
          >
            <path
              d="M16 21v-2a4 4 0 0 0-4-4H6a4 4 0 0 0-4 4v2"
            />
            <circle
              cx="9"
              cy="7"
              r="4"
            />
            <path
              d="M22 21v-2a4 4 0 0 0-3-3.87"
            />
            <path
              d="M16 3.13a4 4 0 0 1 0 7.75"
            />
          </svg>
        </div>
      </div>
      <div
        class="bg-gradient-to-br from-pink-500 to-pink-600 rounded-xl p-4 text-white"
      >
        <div
          class="flex items-center justify-between"
        >
          <div>
            <p
              class="text-pink-100 text-sm"
            >
              Rank
            </p>
            <p
              class="text-2xl font-bold"
            >
              #127
            </p>
          </div>
          <svg
            class="lucide lucide-award w-8 h-8 text-pink-200"
            fill="none"
            height="24"
            stroke="currentColor"
            stroke-linecap="round"
            stroke-linejoin="round"
            stroke-width="2"
            viewBox="0 0 24 24"
            width="24"
            xmlns="http://www.w3.org/2000/svg"
          >
            <path
              d="m15.477 12.89 1.515 8.526a.5.5 0 0 1-.81.47l-3.58-2.687a1 1 0 0 0-1.197 0l-3.586 2.686a.5.5 0 0 1-.81-.469l1.514-8.526"
            />
            <circle
              cx="12"
              cy="8"
              r="6"
            />
          </svg>
        </div>
      </div>
    </div>
    <div
      class="bg-white rounded-xl shadow-sm border border-slate-200 p-12 text-center"
    >
      <svg
        class="lucide lucide-trending-up w-16 h-16 text-slate-300 mx-auto mb-4"
        fill="none"
        height="24"
        stroke="currentColor"
        stroke-linecap="round"
        stroke-linejoin="round"
        stroke-width="2"
        viewBox="0 0 24 24"
        width="24"
        xmlns="http://www.w3.org/2000/svg"
      >
        <polyline
          points="22 7 13.5 15.5 8.5 10.5 2 17"
        />
        <polyline
          points="16 7 22 7 22 13"
        />
      </svg>
      <h3
        class="text-xl font-semibold text-slate-800 mb-2"
      >
        no_posts_yet
      </h3>
      <p
        class="text-slate-600"
      >
        be_the_first_to_share
      </p>
    </div>
  </div>
</DocumentFragment>
`;
